// Jest Snapshot v1, https://goo.gl/fbAQLP

exports[`Should render Edit expense page 1`] = `undefined`;
