// Jest Snapshot v1, https://goo.gl/fbAQLP

exports[`Should render correctly Dashboard page 1`] = `
<div>
  <Connect(ExpenseListFilter) />
  <Connect(ExpensesList) />
</div>
`;
